Archive member included to satisfy reference by file (symbol)

E:/STM32/STM32CubeIDE_1.18.0/STM32CubeIDE/plugins/com.st.stm32cube.ide.mcu.externaltools.gnu-tools-for-stm32.13.3.rel1.win32_1.0.0.202411081344/tools/bin/../lib/gcc/arm-none-eabi/13.3.1/../../../../arm-none-eabi/lib/thumb/v7e-m+fp/hard\libc_nano.a(libc_a-exit.o)
                              E:/STM32/STM32CubeIDE_1.18.0/STM32CubeIDE/plugins/com.st.stm32cube.ide.mcu.externaltools.gnu-tools-for-stm32.13.3.rel1.win32_1.0.0.202411081344/tools/bin/../lib/gcc/arm-none-eabi/13.3.1/../../../../arm-none-eabi/lib/thumb/v7e-m+fp/hard/crt0.o (exit)
E:/STM32/STM32CubeIDE_1.18.0/STM32CubeIDE/plugins/com.st.stm32cube.ide.mcu.externaltools.gnu-tools-for-stm32.13.3.rel1.win32_1.0.0.202411081344/tools/bin/../lib/gcc/arm-none-eabi/13.3.1/../../../../arm-none-eabi/lib/thumb/v7e-m+fp/hard\libc_nano.a(libc_a-findfp.o)
                              E:/STM32/STM32CubeIDE_1.18.0/STM32CubeIDE/plugins/com.st.stm32cube.ide.mcu.externaltools.gnu-tools-for-stm32.13.3.rel1.win32_1.0.0.202411081344/tools/bin/../lib/gcc/arm-none-eabi/13.3.1/../../../../arm-none-eabi/lib/thumb/v7e-m+fp/hard\libc_nano.a(libc_a-exit.o) (__stdio_exit_handler)
E:/STM32/STM32CubeIDE_1.18.0/STM32CubeIDE/plugins/com.st.stm32cube.ide.mcu.externaltools.gnu-tools-for-stm32.13.3.rel1.win32_1.0.0.202411081344/tools/bin/../lib/gcc/arm-none-eabi/13.3.1/../../../../arm-none-eabi/lib/thumb/v7e-m+fp/hard\libc_nano.a(libc_a-fwalk.o)
                              E:/STM32/STM32CubeIDE_1.18.0/STM32CubeIDE/plugins/com.st.stm32cube.ide.mcu.externaltools.gnu-tools-for-stm32.13.3.rel1.win32_1.0.0.202411081344/tools/bin/../lib/gcc/arm-none-eabi/13.3.1/../../../../arm-none-eabi/lib/thumb/v7e-m+fp/hard\libc_nano.a(libc_a-findfp.o) (_fwalk_sglue)
E:/STM32/STM32CubeIDE_1.18.0/STM32CubeIDE/plugins/com.st.stm32cube.ide.mcu.externaltools.gnu-tools-for-stm32.13.3.rel1.win32_1.0.0.202411081344/tools/bin/../lib/gcc/arm-none-eabi/13.3.1/../../../../arm-none-eabi/lib/thumb/v7e-m+fp/hard\libc_nano.a(libc_a-stdio.o)
                              E:/STM32/STM32CubeIDE_1.18.0/STM32CubeIDE/plugins/com.st.stm32cube.ide.mcu.externaltools.gnu-tools-for-stm32.13.3.rel1.win32_1.0.0.202411081344/tools/bin/../lib/gcc/arm-none-eabi/13.3.1/../../../../arm-none-eabi/lib/thumb/v7e-m+fp/hard\libc_nano.a(libc_a-findfp.o) (__sread)
E:/STM32/STM32CubeIDE_1.18.0/STM32CubeIDE/plugins/com.st.stm32cube.ide.mcu.externaltools.gnu-tools-for-stm32.13.3.rel1.win32_1.0.0.202411081344/tools/bin/../lib/gcc/arm-none-eabi/13.3.1/../../../../arm-none-eabi/lib/thumb/v7e-m+fp/hard\libc_nano.a(libc_a-memset.o)
                              E:/STM32/STM32CubeIDE_1.18.0/STM32CubeIDE/plugins/com.st.stm32cube.ide.mcu.externaltools.gnu-tools-for-stm32.13.3.rel1.win32_1.0.0.202411081344/tools/bin/../lib/gcc/arm-none-eabi/13.3.1/../../../../arm-none-eabi/lib/thumb/v7e-m+fp/hard/crt0.o (memset)
E:/STM32/STM32CubeIDE_1.18.0/STM32CubeIDE/plugins/com.st.stm32cube.ide.mcu.externaltools.gnu-tools-for-stm32.13.3.rel1.win32_1.0.0.202411081344/tools/bin/../lib/gcc/arm-none-eabi/13.3.1/../../../../arm-none-eabi/lib/thumb/v7e-m+fp/hard\libc_nano.a(libc_a-closer.o)
                              E:/STM32/STM32CubeIDE_1.18.0/STM32CubeIDE/plugins/com.st.stm32cube.ide.mcu.externaltools.gnu-tools-for-stm32.13.3.rel1.win32_1.0.0.202411081344/tools/bin/../lib/gcc/arm-none-eabi/13.3.1/../../../../arm-none-eabi/lib/thumb/v7e-m+fp/hard\libc_nano.a(libc_a-stdio.o) (_close_r)
E:/STM32/STM32CubeIDE_1.18.0/STM32CubeIDE/plugins/com.st.stm32cube.ide.mcu.externaltools.gnu-tools-for-stm32.13.3.rel1.win32_1.0.0.202411081344/tools/bin/../lib/gcc/arm-none-eabi/13.3.1/../../../../arm-none-eabi/lib/thumb/v7e-m+fp/hard\libc_nano.a(libc_a-reent.o)
                              E:/STM32/STM32CubeIDE_1.18.0/STM32CubeIDE/plugins/com.st.stm32cube.ide.mcu.externaltools.gnu-tools-for-stm32.13.3.rel1.win32_1.0.0.202411081344/tools/bin/../lib/gcc/arm-none-eabi/13.3.1/../../../../arm-none-eabi/lib/thumb/v7e-m+fp/hard\libc_nano.a(libc_a-closer.o) (errno)
E:/STM32/STM32CubeIDE_1.18.0/STM32CubeIDE/plugins/com.st.stm32cube.ide.mcu.externaltools.gnu-tools-for-stm32.13.3.rel1.win32_1.0.0.202411081344/tools/bin/../lib/gcc/arm-none-eabi/13.3.1/../../../../arm-none-eabi/lib/thumb/v7e-m+fp/hard\libc_nano.a(libc_a-impure.o)
                              E:/STM32/STM32CubeIDE_1.18.0/STM32CubeIDE/plugins/com.st.stm32cube.ide.mcu.externaltools.gnu-tools-for-stm32.13.3.rel1.win32_1.0.0.202411081344/tools/bin/../lib/gcc/arm-none-eabi/13.3.1/../../../../arm-none-eabi/lib/thumb/v7e-m+fp/hard\libc_nano.a(libc_a-reent.o) (_impure_ptr)
E:/STM32/STM32CubeIDE_1.18.0/STM32CubeIDE/plugins/com.st.stm32cube.ide.mcu.externaltools.gnu-tools-for-stm32.13.3.rel1.win32_1.0.0.202411081344/tools/bin/../lib/gcc/arm-none-eabi/13.3.1/../../../../arm-none-eabi/lib/thumb/v7e-m+fp/hard\libc_nano.a(libc_a-lseekr.o)
[...]
Memory Configuration

Name             Origin             Length             Attributes
RAM              0x20000000         0x00008000         xrw
RAM2             0x10000000         0x00002000         xrw
FLASH            0x08000000         0x00020000         xr
*default*        0x00000000         0xffffffff

Linker script and memory map

LOAD E:/STM32/STM32CubeIDE_1.18.0/STM32CubeIDE/plugins/com.st.stm32cube.ide.mcu.externaltools.gnu-tools-for-stm32.13.3.rel1.win32_1.0.0.202411081344/tools/bin/../lib/gcc/arm-none-eabi/13.3.1/thumb/v7e-m+fp/hard/crti.o
LOAD E:/STM32/STM32CubeIDE_1.18.0/STM32CubeIDE/plugins/com.st.stm32cube.ide.mcu.externaltools.gnu-tools-for-stm32.13.3.rel1.win32_1.0.0.202411081344/tools/bin/../lib/gcc/arm-none-eabi/13.3.1/thumb/v7e-m+fp/hard/crtbegin.o
LOAD E:/STM32/STM32CubeIDE_1.18.0/STM32CubeIDE/plugins/com.st.stm32cube.ide.mcu.externaltools.gnu-tools-for-stm32.13.3.rel1.win32_1.0.0.202411081344/tools/bin/../lib/gcc/arm-none-eabi/13.3.1/../../../../arm-none-eabi/lib/thumb/v7e-m+fp/hard/crt0.o
LOAD ./Core/Src/main.o
LOAD ./Core/Src/stm32l4xx_hal_msp.o
LOAD ./Core/Src/stm32l4xx_it.o
LOAD ./Core/Src/syscalls.o
LOAD ./Core/Src/sysmem.o
LOAD ./Core/Src/system_stm32l4xx.o
LOAD ./Core/Startup/startup_stm32l412kbux.o
LOAD ./Drivers/STM32L4xx_HAL_Driver/Src/stm32l4xx_hal.o
LOAD ./Drivers/STM32L4xx_HAL_Driver/Src/stm32l4xx_hal_cortex.o
LOAD ./Drivers/STM32L4xx_HAL_Driver/Src/stm32l4xx_hal_dma.o
LOAD ./Drivers/STM32L4xx_HAL_Driver/Src/stm32l4xx_hal_dma_ex.o
LOAD ./Drivers/STM32L4xx_HAL_Driver/Src/stm32l4xx_hal_exti.o
LOAD ./Drivers/STM32L4xx_HAL_Driver/Src/stm32l4xx_hal_flash.o
LOAD ./Drivers/STM32L4xx_HAL_Driver/Src/stm32l4xx_hal_flash_ex.o
LOAD ./Drivers/STM32L4xx_HAL_Driver/Src/stm32l4xx_hal_flash_ramfunc.o
LOAD ./Drivers/STM32L4xx_HAL_Driver/Src/stm32l4xx_hal_gpio.o
LOAD ./Drivers/STM32L4xx_HAL_Driver/Src/stm32l4xx_hal_i2c.o
LOAD ./Drivers/STM32L4xx_HAL_Driver/Src/stm32l4xx_hal_i2c_ex.o
LOAD ./Drivers/STM32L4xx_HAL_Driver/Src/stm32l4xx_hal_pwr.o
LOAD ./Drivers/STM32L4xx_HAL_Driver/Src/stm32l4xx_hal_pwr_ex.o
LOAD ./Drivers/STM32L4xx_HAL_Driver/Src/stm32l4xx_hal_rcc.o
LOAD ./Drivers/STM32L4xx_HAL_Driver/Src/stm32l4xx_hal_rcc_ex.o
LOAD ./Drivers/STM32L4xx_HAL_Driver/Src/stm32l4xx_hal_uart.o
LOAD ./Drivers/STM32L4xx_HAL_Driver/Src/stm32l4xx_hal_uart_ex.o
START GROUP
LOAD E:/STM32/STM32CubeIDE_1.18.0/STM32CubeIDE/plugins/com.st.stm32cube.ide.mcu.externaltools.gnu-tools-for-stm32.13.3.rel1.win32_1.0.0.202411081344/tools/bin/../lib/gcc/arm-none-eabi/13.3.1/../../../../arm-none-eabi/lib/thumb/v7e-m+fp/hard\libc_nano.a
LOAD E:/STM32/STM32CubeIDE_1.18.0/STM32CubeIDE/plugins/com.st.stm32cube.ide.mcu.externaltools.gnu-tools-for-stm32.13.3.rel1.win32_1.0.0.202411081344/tools/bin/../lib/gcc/arm-none-eabi/13.3.1/../../../../arm-none-eabi/lib/thumb/v7e-m+fp/hard\libm.a
END GROUP
START GROUP
LOAD E:/STM32/STM32CubeIDE_1.18.0/STM32CubeIDE/plugins/com.st.stm32cube.ide.mcu.externaltools.gnu-tools-for-stm32.13.3.rel1.win32_1.0.0.202411081344/tools/bin/../lib/gcc/arm-none-eabi/13.3.1/thumb/v7e-m+fp/hard\libgcc.a
LOAD E:/STM32/STM32CubeIDE_1.18.0/STM32CubeIDE/plugins/com.st.stm32cube.ide.mcu.externaltools.gnu-tools-for-stm32.13.3.rel1.win32_1.0.0.202411081344/tools/bin/../lib/gcc/arm-none-eabi/13.3.1/../../../../arm-none-eabi/lib/thumb/v7e-m+fp/hard\libc_nano.a
END GROUP
START GROUP
LOAD E:/STM32/STM32CubeIDE_1.18.0/STM32CubeIDE/plugins/com.st.stm32cube.ide.mcu.externaltools.gnu-tools-for-stm32.13.3.rel1.win32_1.0.0.202411081344/tools/bin/../lib/gcc/arm-none-eabi/13.3.1/thumb/v7e-m+fp/hard\libgcc.a
LOAD E:/STM32/STM32CubeIDE_1.18.0/STM32CubeIDE/plugins/com.st.stm32cube.ide.mcu.externaltools.gnu-tools-for-stm32.13.3.rel1.win32_1.0.0.202411081344/tools/bin/../lib/gcc/arm-none-eabi/13.3.1/../../../../arm-none-eabi/lib/thumb/v7e-m+fp/hard\libc_nano.a
LOAD E:/STM32/STM32CubeIDE_1.18.0/STM32CubeIDE/plugins/com.st.stm32cube.ide.mcu.externaltools.gnu-tools-for-stm32.13.3.rel1.win32_1.0.0.202411081344/tools/bin/../lib/gcc/arm-none-eabi/13.3.1/../../../../arm-none-eabi/lib/thumb/v7e-m+fp/hard\libnosys.a
END GROUP
START GROUP
LOAD E:/STM32/STM32CubeIDE_1.18.0/STM32CubeIDE/plugins/com.st.stm32cube.ide.mcu.externaltools.gnu-tools-for-stm32.13.3.rel1.win32_1.0.0.202411081344/tools/bin/../lib/gcc/arm-none-eabi/13.3.1/thumb/v7e-m+fp/hard\libgcc.a
LOAD E:/STM32/STM32CubeIDE_1.18.0/STM32CubeIDE/plugins/com.st.stm32cube.ide.mcu.externaltools.gnu-tools-for-stm32.13.3.rel1.win32_1.0.0.202411081344/tools/bin/../lib/gcc/arm-none-eabi/13.3.1/../../../../arm-none-eabi/lib/thumb/v7e-m+fp/hard\libc_nano.a
LOAD E:/STM32/STM32CubeIDE_1.18.0/STM32CubeIDE/plugins/com.st.stm32cube.ide.mcu.externaltools.gnu-tools-for-stm32.13.3.rel1.win32_1.0.0.202411081344/tools/bin/../lib/gcc/arm-none-eabi/13.3.1/../../../../arm-none-eabi/lib/thumb/v7e-m+fp/hard\libnosys.a
END GROUP
LOAD E:/STM32/STM32CubeIDE_1.18.0/STM32CubeIDE/plugins/com.st.stm32cube.ide.mcu.externaltools.gnu-tools-for-stm32.13.3.rel1.win32_1.0.0.202411081344/tools/bin/../lib/gcc/arm-none-eabi/13.3.1/thumb/v7e-m+fp/hard/crtend.o
LOAD E:/STM32/STM32CubeIDE_1.18.0/STM32CubeIDE/plugins/com.st.stm32cube.ide.mcu.externaltools.gnu-tools-for-stm32.13.3.rel1.win32_1.0.0.202411081344/tools/bin/../lib/gcc/arm-none-eabi/13.3.1/thumb/v7e-m+fp/hard/crtn.o
                0x20008000                        _estack = (ORIGIN (RAM) + LENGTH (RAM))
                0x00000200                        _Min_Heap_Size = 0x200
                0x00000400                        _Min_Stack_Size = 0x400

.isr_vector     0x08000000      0x18c
                0x08000000                        . = ALIGN (0x4)
 *(.isr_vector)
 .isr_vector    0x08000000      0x18c ./Core/Startup/startup_stm32l412kbux.o
                0x08000000                g_pfnVectors
                0x0800018c                        . = ALIGN (0x4)

.text           0x0800018c     0x398c
                0x0800018c                        . = ALIGN (0x4)
 *(.text)
 .text          0x0800018c       0x40 E:/STM32/STM32CubeIDE_1.18.0/STM32CubeIDE/plugins/com.st.stm32cube.ide.mcu.externaltools.gnu-tools-for-stm32.13.3.rel1.win32_1.0.0.202411081344/tools/bin/../lib/gcc/arm-none-eabi/13.3.1/thumb/v7e-m+fp/hard/crtbegin.o
 .text          0x080001cc       0x30 E:/STM32/STM32CubeIDE_1.18.0/STM32CubeIDE/plugins/com.st.stm32cube.ide.mcu.externaltools.gnu-tools-for-stm32.13.3.rel1.win32_1.0.0.202411081344/tools/bin/../lib/gcc/arm-none-eabi/13.3.1/thumb/v7e-m+fp/hard\libgcc.a(_aeabi_uldivmod.o)
                0x080001cc                __aeabi_uldivmod
 .text          0x080001fc      0x2f8 E:/STM32/STM32CubeIDE_1.18.0/STM32CubeIDE/plugins/com.st.stm32cube.ide.mcu.externaltools.gnu-tools-for-stm32.13.3.rel1.win32_1.0.0.202411081344/tools/bin/../lib/gcc/arm-none-eabi/13.3.1/thumb/v7e-m+fp/hard\libgcc.a(_udivmoddi4.o)
                0x080001fc                __udivmoddi4
 .text          0x080004f4        0x4 E:/STM32/STM32CubeIDE_1.18.0/STM32CubeIDE/plugins/com.st.stm32cube.ide.mcu.externaltools.gnu-tools-for-stm32.13.3.rel1.win32_1.0.0.202411081344/tools/bin/../lib/gcc/arm-none-eabi/13.3.1/thumb/v7e-m+fp/hard\libgcc.a(_dvmd_tls.o)
                0x080004f4                __aeabi_idiv0
                0x080004f4                __aeabi_ldiv0
 *(.text*)
 .text.Update_LEDs
                0x080004f8       0xd0 ./Core/Src/main.o
                0x080004f8                Update_LEDs
 .text.main     0x080005c8       0x30 ./Core/Src/main.o
                0x080005c8                main
 .text.SystemClock_Config
                0x080005f8       0xac ./Core/Src/main.o
                0x080005f8                SystemClock_Config
 .text.MX_USART1_UART_Init
                0x080006a4       0x60 ./Core/Src/main.o
 .text.MX_USART2_UART_Init
                0x08000704       0x60 ./Core/Src/main.o
 .text.MX_GPIO_Init
                0x08000764       0xc4 ./Core/Src/main.o
 .text.HAL_UART_RxCpltCallback
                0x08000828       0x60 ./Core/Src/main.o
                0x08000828                HAL_UART_RxCpltCallback
 .text.Error_Handler
                0x08000888        0xc ./Core/Src/main.o
                0x08000888                Error_Handler
 .text.HAL_MspInit
                0x08000894       0x48 ./Core/Src/stm32l4xx_hal_msp.o
                0x08000894                HAL_MspInit
 .text.HAL_UART_MspInit
                0x080008dc      0x174 ./Core/Src/stm32l4xx_hal_msp.o
                0x080008dc                HAL_UART_MspInit
 .text.NMI_Handler
                0x08000a50        0x8 ./Core/Src/stm32l4xx_it.o
                0x08000a50                NMI_Handler
 .text.HardFault_Handler
                0x08000a58        0x8 ./Core/Src/stm32l4xx_it.o
                0x08000a58                HardFault_Handler
 .text.MemManage_Handler
                0x08000a60        0x8 ./Core/Src/stm32l4xx_it.o
                0x08000a60                MemManage_Handler
 .text.BusFault_Handler
                0x08000a68        0x8 ./Core/Src/stm32l4xx_it.o
                0x08000a68                BusFault_Handler
 .text.UsageFault_Handler
                0x08000a70        0x8 ./Core/Src/stm32l4xx_it.o
                0x08000a70                UsageFault_Handler
 .text.SVC_Handler
                0x08000a78        0xe ./Core/Src/stm32l4xx_it.o
                0x08000a78                SVC_Handler
 .text.DebugMon_Handler
                0x08000a86        0xe ./Core/Src/stm32l4xx_it.o
                0x08000a86                DebugMon_Handler
 .text.PendSV_Handler
                0x08000a94        0xe ./Core/Src/stm32l4xx_it.o
                0x08000a94                PendSV_Handler
 .text.SysTick_Handler
                0x08000aa2        0xc ./Core/Src/stm32l4xx_it.o
                0x08000aa2                SysTick_Handler
 *fill*         0x08000aae        0x2 
 .text.USART1_IRQHandler
                0x08000ab0       0x14 ./Core/Src/stm32l4xx_it.o
                0x08000ab0                USART1_IRQHandler
 .text.USART2_IRQHandler
                0x08000ac4       0x14 ./Core/Src/stm32l4xx_it.o
                0x08000ac4                USART2_IRQHandler
 .text.SystemInit
                0x08000ad8       0x24 ./Core/Src/system_stm32l4xx.o
                0x08000ad8                SystemInit
 .text.Reset_Handler
                0x08000afc       0x50 ./Core/Startup/startup_stm32l412kbux.o
                0x08000afc                Reset_Handler
 .text.Default_Handler
                0x08000b4c        0x2 ./Core/Startup/startup_stm32l412kbux.o
                0x08000b4c                RTC_Alarm_IRQHandler
                0x08000b4c                EXTI2_IRQHandler
                0x08000b4c                TIM1_CC_IRQHandler
                0x08000b4c                TSC_IRQHandler
                0x08000b4c                TIM6_IRQHandler
                0x08000b4c                TAMP_STAMP_IRQHandler
                0x08000b4c                EXTI3_IRQHandler
                0x08000b4c                LPTIM2_IRQHandler
                0x08000b4c                I2C3_ER_IRQHandler
                0x08000b4c                EXTI0_IRQHandler
                0x08000b4c                I2C2_EV_IRQHandler
                0x08000b4c                FPU_IRQHandler
                0x08000b4c                TIM1_UP_TIM16_IRQHandler
                0x08000b4c                ADC1_2_IRQHandler
                0x08000b4c                SPI1_IRQHandler
                0x08000b4c                DMA2_Channel2_IRQHandler
                0x08000b4c                DMA1_Channel4_IRQHandler
                0x08000b4c                USART3_IRQHandler
                0x08000b4c                DMA1_Channel7_IRQHandler
                0x08000b4c                DMA2_Channel1_IRQHandler
                0x08000b4c                QUADSPI_IRQHandler
                0x08000b4c                I2C1_EV_IRQHandler
                0x08000b4c                DMA1_Channel6_IRQHandler
                0x08000b4c                DMA2_Channel4_IRQHandler
                0x08000b4c                RCC_IRQHandler
                0x08000b4c                TIM1_TRG_COM_IRQHandler
                0x08000b4c                DMA1_Channel1_IRQHandler
                0x08000b4c                Default_Handler
                0x08000b4c                DMA2_Channel7_IRQHandler
                0x08000b4c                EXTI15_10_IRQHandler
                0x08000b4c                I2C3_EV_IRQHandler
                0x08000b4c                USB_IRQHandler
                0x08000b4c                EXTI9_5_IRQHandler
                0x08000b4c                RTC_WKUP_IRQHandler
                0x08000b4c                PVD_PVM_IRQHandler
                0x08000b4c                SPI2_IRQHandler
                0x08000b4c                DMA2_Channel5_IRQHandler
                0x08000b4c                CRS_IRQHandler
                0x08000b4c                DMA1_Channel5_IRQHandler
                0x08000b4c                EXTI4_IRQHandler
                0x08000b4c                RNG_IRQHandler
                0x08000b4c                DMA1_Channel3_IRQHandler
                0x08000b4c                COMP_IRQHandler
                0x08000b4c                WWDG_IRQHandler
                0x08000b4c                LPUART1_IRQHandler
                0x08000b4c                DMA2_Channel6_IRQHandler
                0x08000b4c                TIM2_IRQHandler
                0x08000b4c                EXTI1_IRQHandler
                0x08000b4c                I2C2_ER_IRQHandler
                0x08000b4c                DMA1_Channel2_IRQHandler
                0x08000b4c                FLASH_IRQHandler
                0x08000b4c                I2C1_ER_IRQHandler
                0x08000b4c                LPTIM1_IRQHandler
                0x08000b4c                DMA2_Channel3_IRQHandler
                0x08000b4c                TIM1_BRK_TIM15_IRQHandler
 .text.HAL_Init
                0x08000b4e       0x30 ./Drivers/STM32L4xx_HAL_Driver/Src/stm32l4xx_hal.o
                0x08000b4e                HAL_Init
 *fill*         0x08000b7e        0x2 
 .text.HAL_InitTick
                0x08000b80       0x78 ./Drivers/STM32L4xx_HAL_Driver/Src/stm32l4xx_hal.o
                0x08000b80                HAL_InitTick
 .text.HAL_IncTick
                0x08000bf8       0x28 ./Drivers/STM32L4xx_HAL_Driver/Src/stm32l4xx_hal.o
                0x08000bf8                HAL_IncTick
 .text.HAL_GetTick
                0x08000c20       0x18 ./Drivers/STM32L4xx_HAL_Driver/Src/stm32l4xx_hal.o
                0x08000c20                HAL_GetTick
 .text.__NVIC_SetPriorityGrouping
                0x08000c38       0x48 ./Drivers/STM32L4xx_HAL_Driver/Src/stm32l4xx_hal_cortex.o
 .text.__NVIC_GetPriorityGrouping
                0x08000c80       0x1c ./Drivers/STM32L4xx_HAL_Driver/Src/stm32l4xx_hal_cortex.o
 .text.__NVIC_EnableIRQ
                0x08000c9c       0x3c ./Drivers/STM32L4xx_HAL_Driver/Src/stm32l4xx_hal_cortex.o
 .text.__NVIC_SetPriority
                0x08000cd8       0x54 ./Drivers/STM32L4xx_HAL_Driver/Src/stm32l4xx_hal_cortex.o
 .text.NVIC_EncodePriority
                0x08000d2c       0x66 ./Drivers/STM32L4xx_HAL_Driver/Src/stm32l4xx_hal_cortex.o
 *fill*         0x08000d92        0x2 
 .text.SysTick_Config
                0x08000d94       0x44 ./Drivers/STM32L4xx_HAL_Driver/Src/stm32l4xx_hal_cortex.o
 .text.HAL_NVIC_SetPriorityGrouping
                0x08000dd8       0x16 ./Drivers/STM32L4xx_HAL_Driver/Src/stm32l4xx_hal_cortex.o
                0x08000dd8                HAL_NVIC_SetPriorityGrouping
 .text.HAL_NVIC_SetPriority
                0x08000dee       0x38 ./Drivers/STM32L4xx_HAL_Driver/Src/stm32l4xx_hal_cortex.o
                0x08000dee                HAL_NVIC_SetPriority
 .text.HAL_NVIC_EnableIRQ
                0x08000e26       0x1c ./Drivers/STM32L4xx_HAL_Driver/Src/stm32l4xx_hal_cortex.o
                0x08000e26                HAL_NVIC_EnableIRQ
 .text.HAL_SYSTICK_Config
                0x08000e42       0x18 ./Drivers/STM32L4xx_HAL_Driver/Src/stm32l4xx_hal_cortex.o
                0x08000e42                HAL_SYSTICK_Config
 .text.HAL_DMA_Abort
                0x08000e5a       0x82 ./Drivers/STM32L4xx_HAL_Driver/Src/stm32l4xx_hal_dma.o
                0x08000e5a                HAL_DMA_Abort
 .text.HAL_DMA_Abort_IT
                0x08000edc       0x82 ./Drivers/STM32L4xx_HAL_Driver/Src/stm32l4xx_hal_dma.o
                0x08000edc                HAL_DMA_Abort_IT
 *fill*         0x08000f5e        0x2 
 .text.HAL_GPIO_Init
                0x08000f60      0x2e4 ./Drivers/STM32L4xx_HAL_Driver/Src/stm32l4xx_hal_gpio.o
                0x08000f60                HAL_GPIO_Init
 .text.HAL_GPIO_WritePin
                0x08001244       0x30 ./Drivers/STM32L4xx_HAL_Driver/Src/stm32l4xx_hal_gpio.o
                0x08001244                HAL_GPIO_WritePin
 .text.HAL_PWR_EnableBkUpAccess
                0x08001274       0x20 ./Drivers/STM32L4xx_HAL_Driver/Src/stm32l4xx_hal_pwr.o
                0x08001274                HAL_PWR_EnableBkUpAccess
 .text.HAL_PWREx_GetVoltageRange
                0x08001294       0x1c ./Drivers/STM32L4xx_HAL_Driver/Src/stm32l4xx_hal_pwr_ex.o
                0x08001294                HAL_PWREx_GetVoltageRange
 .text.HAL_PWREx_ControlVoltageScaling
                0x080012b0       0xac ./Drivers/STM32L4xx_HAL_Driver/Src/stm32l4xx_hal_pwr_ex.o
                0x080012b0                HAL_PWREx_ControlVoltageScaling
 .text.HAL_RCC_OscConfig
                0x0800135c      0x8c4 ./Drivers/STM32L4xx_HAL_Driver/Src/stm32l4xx_hal_rcc.o
                0x0800135c                HAL_RCC_OscConfig
 .text.HAL_RCC_ClockConfig
                0x08001c20      0x200 ./Drivers/STM32L4xx_HAL_Driver/Src/stm32l4xx_hal_rcc.o
                0x08001c20                HAL_RCC_ClockConfig
 .text.HAL_RCC_GetSysClockFreq
                0x08001e20      0x118 ./Drivers/STM32L4xx_HAL_Driver/Src/stm32l4xx_hal_rcc.o
                0x08001e20                HAL_RCC_GetSysClockFreq
 .text.HAL_RCC_GetHCLKFreq
                0x08001f38       0x18 ./Drivers/STM32L4xx_HAL_Driver/Src/stm32l4xx_hal_rcc.o
                0x08001f38                HAL_RCC_GetHCLKFreq
 .text.HAL_RCC_GetPCLK1Freq
                0x08001f50       0x2c ./Drivers/STM32L4xx_HAL_Driver/Src/stm32l4xx_hal_rcc.o
                0x08001f50                HAL_RCC_GetPCLK1Freq
 .text.HAL_RCC_GetPCLK2Freq
                0x08001f7c       0x2c ./Drivers/STM32L4xx_HAL_Driver/Src/stm32l4xx_hal_rcc.o
                0x08001f7c                HAL_RCC_GetPCLK2Freq
 .text.RCC_SetFlashLatencyFromMSIRange
                0x08001fa8       0xc0 ./Drivers/STM32L4xx_HAL_Driver/Src/stm32l4xx_hal_rcc.o
 .text.HAL_RCCEx_PeriphCLKConfig
                0x08002068      0x30c ./Drivers/STM32L4xx_HAL_Driver/Src/stm32l4xx_hal_rcc_ex.o
                0x08002068                HAL_RCCEx_PeriphCLKConfig
 .text.HAL_RCCEx_EnableMSIPLLMode
                0x08002374       0x20 ./Drivers/STM32L4xx_HAL_Driver/Src/stm32l4xx_hal_rcc_ex.o
                0x08002374                HAL_RCCEx_EnableMSIPLLMode
 .text.HAL_UART_Init
                0x08002394       0x9c ./Drivers/STM32L4xx_HAL_Driver/Src/stm32l4xx_hal_uart.o
                0x08002394                HAL_UART_Init
 .text.HAL_UART_Transmit
                0x08002430      0x126 ./Drivers/STM32L4xx_HAL_Driver/Src/stm32l4xx_hal_uart.o
                0x08002430                HAL_UART_Transmit
 *fill*         0x08002556        0x2 
 .text.HAL_UART_Receive_IT
                0x08002558       0x98 ./Drivers/STM32L4xx_HAL_Driver/Src/stm32l4xx_hal_uart.o
                0x08002558                HAL_UART_Receive_IT
 .text.HAL_UART_IRQHandler
                0x080025f0      0x60c ./Drivers/STM32L4xx_HAL_Driver/Src/stm32l4xx_hal_uart.o
                0x080025f0                HAL_UART_IRQHandler
 .text.HAL_UART_TxCpltCallback
                0x08002bfc       0x14 ./Drivers/STM32L4xx_HAL_Driver/Src/stm32l4xx_hal_uart.o
                0x08002bfc                HAL_UART_TxCpltCallback
 .text.HAL_UART_ErrorCallback
                0x08002c10       0x14 ./Drivers/STM32L4xx_HAL_Driver/Src/stm32l4xx_hal_uart.o
                0x08002c10                HAL_UART_ErrorCallback
 .text.HAL_UARTEx_RxEventCallback
                0x08002c24       0x18 ./Drivers/STM32L4xx_HAL_Driver/Src/stm32l4xx_hal_uart.o
                0x08002c24                HAL_UARTEx_RxEventCallback
 .text.UART_SetConfig
                0x08002c3c      0x4b4 ./Drivers/STM32L4xx_HAL_Driver/Src/stm32l4xx_hal_uart.o
                0x08002c3c                UART_SetConfig
 .text.UART_AdvFeatureConfig
                0x080030f0      0x144 ./Drivers/STM32L4xx_HAL_Driver/Src/stm32l4xx_hal_uart.o
                0x080030f0                UART_AdvFeatureConfig
 .text.UART_CheckIdleState
                0x08003234      0x150 ./Drivers/STM32L4xx_HAL_Driver/Src/stm32l4xx_hal_uart.o
                0x08003234                UART_CheckIdleState
 .text.UART_WaitOnFlagUntilTimeout
                0x08003384       0xda ./Drivers/STM32L4xx_HAL_Driver/Src/stm32l4xx_hal_uart.o
                0x08003384                UART_WaitOnFlagUntilTimeout
 *fill*         0x0800345e        0x2 
 .text.UART_Start_Receive_IT
                0x08003460      0x18c ./Drivers/STM32L4xx_HAL_Driver/Src/stm32l4xx_hal_uart.o
                0x08003460                UART_Start_Receive_IT
 .text.UART_EndRxTransfer
                0x080035ec       0xc8 ./Drivers/STM32L4xx_HAL_Driver/Src/stm32l4xx_hal_uart.o
 .text.UART_DMAAbortOnError
                0x080036b4       0x1c ./Drivers/STM32L4xx_HAL_Driver/Src/stm32l4xx_hal_uart.o
 .text.UART_EndTransmit_IT
                0x080036d0       0x54 ./Drivers/STM32L4xx_HAL_Driver/Src/stm32l4xx_hal_uart.o
 .text.UART_RxISR_8BIT
                0x08003724      0x1b8 ./Drivers/STM32L4xx_HAL_Driver/Src/stm32l4xx_hal_uart.o
 .text.UART_RxISR_16BIT
                0x080038dc      0x1b8 ./Drivers/STM32L4xx_HAL_Driver/Src/stm32l4xx_hal_uart.o
 .text.HAL_UARTEx_WakeupCallback
                0x08003a94       0x14 ./Drivers/STM32L4xx_HAL_Driver/Src/stm32l4xx_hal_uart_ex.o
                0x08003a94                HAL_UARTEx_WakeupCallback
 .text.memset   0x08003aa8       0x10 E:/STM32/STM32CubeIDE_1.18.0/STM32CubeIDE/plugins/com.st.stm32cube.ide.mcu.externaltools.gnu-tools-for-stm32.13.3.rel1.win32_1.0.0.202411081344/tools/bin/../lib/gcc/arm-none-eabi/13.3.1/../../../../arm-none-eabi/lib/thumb/v7e-m+fp/hard\libc_nano.a(libc_a-memset.o)
                0x08003aa8                memset
 .text.__libc_init_array
                0x08003ab8       0x48 E:/STM32/STM32CubeIDE_1.18.0/STM32CubeIDE/plugins/com.st.stm32cube.ide.mcu.externaltools.gnu-tools-for-stm32.13.3.rel1.win32_1.0.0.202411081344/tools/bin/../lib/gcc/arm-none-eabi/13.3.1/../../../../arm-none-eabi/lib/thumb/v7e-m+fp/hard\libc_nano.a(libc_a-init.o)
                0x08003ab8                __libc_init_array
 *(.glue_7)
 .glue_7        0x08003b00        0x0 linker stubs
 *(.glue_7t)
 .glue_7t       0x08003b00        0x0 linker stubs
 *(.eh_frame)
 .eh_frame      0x08003b00        0x0 E:/STM32/STM32CubeIDE_1.18.0/STM32CubeIDE/plugins/com.st.stm32cube.ide.mcu.externaltools.gnu-tools-for-stm32.13.3.rel1.win32_1.0.0.202411081344/tools/bin/../lib/gcc/arm-none-eabi/13.3.1/thumb/v7e-m+fp/hard/crtbegin.o
 *(.init)
 .init          0x08003b00        0x4 E:/STM32/STM32CubeIDE_1.18.0/STM32CubeIDE/plugins/com.st.stm32cube.ide.mcu.externaltools.gnu-tools-for-stm32.13.3.rel1.win32_1.0.0.202411081344/tools/bin/../lib/gcc/arm-none-eabi/13.3.1/thumb/v7e-m+fp/hard/crti.o
                0x08003b00                _init
 .init          0x08003b04        0x8 E:/STM32/STM32CubeIDE_1.18.0/STM32CubeIDE/plugins/com.st.stm32cube.ide.mcu.externaltools.gnu-tools-for-stm32.13.3.rel1.win32_1.0.0.202411081344/tools/bin/../lib/gcc/arm-none-eabi/13.3.1/thumb/v7e-m+fp/hard/crtn.o
 *(.fini)
 .fini          0x08003b0c        0x4 E:/STM32/STM32CubeIDE_1.18.0/STM32CubeIDE/plugins/com.st.stm32cube.ide.mcu.externaltools.gnu-tools-for-stm32.13.3.rel1.win32_1.0.0.202411081344/tools/bin/../lib/gcc/arm-none-eabi/13.3.1/thumb/v7e-m+fp/hard/crti.o
                0x08003b0c                _fini
 .fini          0x08003b10        0x8 E:/STM32/STM32CubeIDE_1.18.0/STM32CubeIDE/plugins/com.st.stm32cube.ide.mcu.externaltools.gnu-tools-for-stm32.13.3.rel1.win32_1.0.0.202411081344/tools/bin/../lib/gcc/arm-none-eabi/13.3.1/thumb/v7e-m+fp/hard/crtn.o
                0x08003b18                        . = ALIGN (0x4)
                0x08003b18                        _etext = .

.vfp11_veneer   0x08003b18        0x0
 .vfp11_veneer  0x08003b18        0x0 linker stubs

.v4_bx          0x08003b18        0x0
 .v4_bx         0x08003b18        0x0 linker stubs

.iplt           0x08003b18        0x0
 .iplt          0x08003b18        0x0 E:/STM32/STM32CubeIDE_1.18.0/STM32CubeIDE/plugins/com.st.stm32cube.ide.mcu.externaltools.gnu-tools-for-stm32.13.3.rel1.win32_1.0.0.202411081344/tools/bin/../lib/gcc/arm-none-eabi/13.3.1/thumb/v7e-m+fp/hard/crtbegin.o

.rodata         0x08003b18       0x48
                0x08003b18                        . = ALIGN (0x4)
 *(.rodata)
 *(.rodata*)
 .rodata.AHBPrescTable
                0x08003b18       0x10 ./Core/Src/system_stm32l4xx.o
                0x08003b18                AHBPrescTable
 .rodata.APBPrescTable
                0x08003b28        0x8 ./Core/Src/system_stm32l4xx.o
                0x08003b28                APBPrescTable
 .rodata.MSIRangeTable
                0x08003b30       0x30 ./Core/Src/system_stm32l4xx.o
                0x08003b30                MSIRangeTable
                0x08003b60                        . = ALIGN (0x4)

.ARM.extab      0x08003b60        0x0
                0x08003b60                        . = ALIGN (0x4)
 *(.ARM.extab* .gnu.linkonce.armextab.*)
                0x08003b60                        . = ALIGN (0x4)

.ARM            0x08003b60        0x8
                0x08003b60                        . = ALIGN (0x4)
                0x08003b60                        __exidx_start = .
 *(.ARM.exidx*)
 .ARM.exidx     0x08003b60        0x8 E:/STM32/STM32CubeIDE_1.18.0/STM32CubeIDE/plugins/com.st.stm32cube.ide.mcu.externaltools.gnu-tools-for-stm32.13.3.rel1.win32_1.0.0.202411081344/tools/bin/../lib/gcc/arm-none-eabi/13.3.1/thumb/v7e-m+fp/hard\libgcc.a(_udivmoddi4.o)
                0x08003b68                        __exidx_end = .
                0x08003b68                        . = ALIGN (0x4)

.preinit_array  0x08003b68        0x0
                0x08003b68                        . = ALIGN (0x4)
                0x08003b68                        PROVIDE (__preinit_array_start = .)
 *(.preinit_array*)
                0x08003b68                        PROVIDE (__preinit_array_end = .)
                0x08003b68                        . = ALIGN (0x4)

.init_array     0x08003b68        0x4
                0x08003b68                        . = ALIGN (0x4)
                0x08003b68                        PROVIDE (__init_array_start = .)
 *(SORT_BY_NAME(.init_array.*))
 *(.init_array*)
 .init_array    0x08003b68        0x4 E:/STM32/STM32CubeIDE_1.18.0/STM32CubeIDE/plugins/com.st.stm32cube.ide.mcu.externaltools.gnu-tools-for-stm32.13.3.rel1.win32_1.0.0.202411081344/tools/bin/../lib/gcc/arm-none-eabi/13.3.1/thumb/v7e-m+fp/hard/crtbegin.o
                0x08003b6c                        PROVIDE (__init_array_end = .)
                0x08003b6c                        . = ALIGN (0x4)

.fini_array     0x08003b6c        0x4
                0x08003b6c                        . = ALIGN (0x4)
                [!provide]                        PROVIDE (__fini_array_start = .)
 *(SORT_BY_NAME(.fini_array.*))
 *(.fini_array*)
 .fini_array    0x08003b6c        0x4 E:/STM32/STM32CubeIDE_1.18.0/STM32CubeIDE/plugins/com.st.stm32cube.ide.mcu.externaltools.gnu-tools-for-stm32.13.3.rel1.win32_1.0.0.202411081344/tools/bin/../lib/gcc/arm-none-eabi/13.3.1/thumb/v7e-m+fp/hard/crtbegin.o
                [!provide]                        PROVIDE (__fini_array_end = .)
                0x08003b70                        . = ALIGN (0x4)
                0x08003b70                        _sidata = LOADADDR (.data)

.rel.dyn        0x08003b70        0x0
 .rel.iplt      0x08003b70        0x0 E:/STM32/STM32CubeIDE_1.18.0/STM32CubeIDE/plugins/com.st.stm32cube.ide.mcu.externaltools.gnu-tools-for-stm32.13.3.rel1.win32_1.0.0.202411081344/tools/bin/../lib/gcc/arm-none-eabi/13.3.1/thumb/v7e-m+fp/hard/crtbegin.o

.data           0x20000000        0xc load address 0x08003b70
                0x20000000                        . = ALIGN (0x4)
                0x20000000                        _sdata = .
 *(.data)
 *(.data*)
 .data.SystemCoreClock
                0x20000000        0x4 ./Core/Src/system_stm32l4xx.o
                0x20000000                SystemCoreClock
 .data.uwTickPrio
                0x20000004        0x4 ./Drivers/STM32L4xx_HAL_Driver/Src/stm32l4xx_hal.o
                0x20000004                uwTickPrio
 .data.uwTickFreq
                0x20000008        0x1 ./Drivers/STM32L4xx_HAL_Driver/Src/stm32l4xx_hal.o
                0x20000008                uwTickFreq
 *(.RamFunc)
 *(.RamFunc*)
                0x2000000c                        . = ALIGN (0x4)
 *fill*         0x20000009        0x3 
                0x2000000c                        _edata = .

.igot.plt       0x2000000c        0x0 load address 0x08003b7c
 .igot.plt      0x2000000c        0x0 E:/STM32/STM32CubeIDE_1.18.0/STM32CubeIDE/plugins/com.st.stm32cube.ide.mcu.externaltools.gnu-tools-for-stm32.13.3.rel1.win32_1.0.0.202411081344/tools/bin/../lib/gcc/arm-none-eabi/13.3.1/thumb/v7e-m+fp/hard/crtbegin.o
                0x2000000c                        . = ALIGN (0x4)

.bss            0x2000000c      0x134 load address 0x08003b7c
                0x2000000c                        _sbss = .
                0x2000000c                        __bss_start__ = _sbss
 *(.bss)
 .bss           0x2000000c       0x1c E:/STM32/STM32CubeIDE_1.18.0/STM32CubeIDE/plugins/com.st.stm32cube.ide.mcu.externaltools.gnu-tools-for-stm32.13.3.rel1.win32_1.0.0.202411081344/tools/bin/../lib/gcc/arm-none-eabi/13.3.1/thumb/v7e-m+fp/hard/crtbegin.o
 *(.bss*)
 .bss.huart1    0x20000028       0x88 ./Core/Src/main.o
                0x20000028                huart1
 .bss.huart2    0x200000b0       0x88 ./Core/Src/main.o
                0x200000b0                huart2
 .bss.rx_byte   0x20000138        0x1 ./Core/Src/main.o
 .bss.led_number
                0x20000139        0x1 ./Core/Src/main.o
                0x20000139                led_number
 *fill*         0x2000013a        0x2 
 .bss.uwTick    0x2000013c        0x4 ./Drivers/STM32L4xx_HAL_Driver/Src/stm32l4xx_hal.o
                0x2000013c                uwTick
 *(COMMON)
                0x20000140                        . = ALIGN (0x4)
                0x20000140                        _ebss = .
                0x20000140                        __bss_end__ = _ebss

._user_heap_stack
                0x20000140      0x600 load address 0x08003b7c
                0x20000140                        . = ALIGN (0x8)
                [!provide]                        PROVIDE (end = .)
                0x20000140                        PROVIDE (_end = .)
                0x20000340                        . = (. + _Min_Heap_Size)
 *fill*         0x20000140      0x200 
                0x20000740                        . = (. + _Min_Stack_Size)
 *fill*         0x20000340      0x400 
                0x20000740                        . = ALIGN (0x8)

/DISCARD/
 libc.a(*)
 libm.a(*)
 libgcc.a(*)

.ARM.attributes
                0x00000000       0x30
 *(.ARM.attributes)
 .ARM.attributes
                0x00000000       0x22 E:/STM32/STM32CubeIDE_1.18.0/STM32CubeIDE/plugins/com.st.stm32cube.ide.mcu.externaltools.gnu-tools-for-stm32.13.3.rel1.win32_1.0.0.202411081344/tools/bin/../lib/gcc/arm-none-eabi/13.3.1/thumb/v7e-m+fp/hard/crti.o
 .ARM.attributes
                0x00000022       0x34 E:/STM32/STM32CubeIDE_1.18.0/STM32CubeIDE/plugins/com.st.stm32cube.ide.mcu.externaltools.gnu-tools-for-stm32.13.3.rel1.win32_1.0.0.202411081344/tools/bin/../lib/gcc/arm-none-eabi/13.3.1/thumb/v7e-m+fp/hard/crtbegin.o
 .ARM.attributes
                0x00000056       0x34 ./Core/Src/main.o
 .ARM.attributes
                0x0000008a       0x34 ./Core/Src/stm32l4xx_hal_msp.o
 .ARM.attributes
                0x000000be       0x34 ./Core/Src/stm32l4xx_it.o
 .ARM.attributes
                0x000000f2       0x34 ./Core/Src/system_stm32l4xx.o
 .ARM.attributes
                0x00000126       0x21 ./Core/Startup/startup_stm32l412kbux.o
 .ARM.attributes
                0x00000147       0x34 ./Drivers/STM32L4xx_HAL_Driver/Src/stm32l4xx_hal.o
 .ARM.attributes
                0x0000017b       0x34 ./Drivers/STM32L4xx_HAL_Driver/Src/stm32l4xx_hal_cortex.o
 .ARM.attributes
                0x000001af       0x34 ./Drivers/STM32L4xx_HAL_Driver/Src/stm32l4xx_hal_dma.o
 .ARM.attributes
                0x000001e3       0x34 ./Drivers/STM32L4xx_HAL_Driver/Src/stm32l4xx_hal_gpio.o
 .ARM.attributes
                0x00000217       0x34 ./Drivers/STM32L4xx_HAL_Driver/Src/stm32l4xx_hal_pwr.o
 .ARM.attributes
                0x0000024b       0x34 ./Drivers/STM32L4xx_HAL_Driver/Src/stm32l4xx_hal_pwr_ex.o
 .ARM.attributes
                0x0000027f       0x34 ./Drivers/STM32L4xx_HAL_Driver/Src/stm32l4xx_hal_rcc.o
 .ARM.attributes
                0x000002b3       0x34 ./Drivers/STM32L4xx_HAL_Driver/Src/stm32l4xx_hal_rcc_ex.o
 .ARM.attributes
                0x000002e7       0x34 ./Drivers/STM32L4xx_HAL_Driver/Src/stm32l4xx_hal_uart.o
 .ARM.attributes
                0x0000031b       0x34 ./Drivers/STM32L4xx_HAL_Driver/Src/stm32l4xx_hal_uart_ex.o
 .ARM.attributes
                0x0000034f       0x34 E:/STM32/STM32CubeIDE_1.18.0/STM32CubeIDE/plugins/com.st.stm32cube.ide.mcu.externaltools.gnu-tools-for-stm32.13.3.rel1.win32_1.0.0.202411081344/tools/bin/../lib/gcc/arm-none-eabi/13.3.1/../../../../arm-none-eabi/lib/thumb/v7e-m+fp/hard\libc_nano.a(libc_a-memset.o)
 .ARM.attributes
                0x00000383       0x34 E:/STM32/STM32CubeIDE_1.18.0/STM32CubeIDE/plugins/com.st.stm32cube.ide.mcu.externaltools.gnu-tools-for-stm32.13.3.rel1.win32_1.0.0.202411081344/tools/bin/../lib/gcc/arm-none-eabi/13.3.1/../../../../arm-none-eabi/lib/thumb/v7e-m+fp/hard\libc_nano.a(libc_a-init.o)
 .ARM.attributes
                0x000003b7       0x22 E:/STM32/STM32CubeIDE_1.18.0/STM32CubeIDE/plugins/com.st.stm32cube.ide.mcu.externaltools.gnu-tools-for-stm32.13.3.rel1.win32_1.0.0.202411081344/tools/bin/../lib/gcc/arm-none-eabi/13.3.1/thumb/v7e-m+fp/hard\libgcc.a(_aeabi_uldivmod.o)
 .ARM.attributes
                0x000003d9       0x34 E:/STM32/STM32CubeIDE_1.18.0/STM32CubeIDE/plugins/com.st.stm32cube.ide.mcu.externaltools.gnu-tools-for-stm32.13.3.rel1.win32_1.0.0.202411081344/tools/bin/../lib/gcc/arm-none-eabi/13.3.1/thumb/v7e-m+fp/hard\libgcc.a(_udivmoddi4.o)
 .ARM.attributes
                0x0000040d       0x22 E:/STM32/STM32CubeIDE_1.18.0/STM32CubeIDE/plugins/com.st.stm32cube.ide.mcu.externaltools.gnu-tools-for-stm32.13.3.rel1.win32_1.0.0.202411081344/tools/bin/../lib/gcc/arm-none-eabi/13.3.1/thumb/v7e-m+fp/hard\libgcc.a(_dvmd_tls.o)
 .ARM.attributes
                0x0000042f       0x22 E:/STM32/STM32CubeIDE_1.18.0/STM32CubeIDE/plugins/com.st.stm32cube.ide.mcu.externaltools.gnu-tools-for-stm32.13.3.rel1.win32_1.0.0.202411081344/tools/bin/../lib/gcc/arm-none-eabi/13.3.1/thumb/v7e-m+fp/hard/crtn.o
OUTPUT(UART-Slave.elf elf32-littlearm)
LOAD linker stubs
LOAD E:/STM32/STM32CubeIDE_1.18.0/STM32CubeIDE/plugins/com.st.stm32cube.ide.mcu.externaltools.gnu-tools-for-stm32.13.3.rel1.win32_1.0.0.202411081344/tools/bin/../lib/gcc/arm-none-eabi/13.3.1/../../../../arm-none-eabi/lib/thumb/v7e-m+fp/hard\libc.a
LOAD E:/STM32/STM32CubeIDE_1.18.0/STM32CubeIDE/plugins/com.st.stm32cube.ide.mcu.externaltools.gnu-tools-for-stm32.13.3.rel1.win32_1.0.0.202411081344/tools/bin/../lib/gcc/arm-none-eabi/13.3.1/../../../../arm-none-eabi/lib/thumb/v7e-m+fp/hard\libm.a
LOAD E:/STM32/STM32CubeIDE_1.18.0/STM32CubeIDE/plugins/com.st.stm32cube.ide.mcu.externaltools.gnu-tools-for-stm32.13.3.rel1.win32_1.0.0.202411081344/tools/bin/../lib/gcc/arm-none-eabi/13.3.1/thumb/v7e-m+fp/hard\libgcc.a

.debug_info     0x00000000     0xc47c
 .debug_info    0x00000000      0xdfd ./Core/Src/main.o
 .debug_info    0x00000dfd      0xde5 ./Core/Src/stm32l4xx_hal_msp.o
 .debug_info    0x00001be2      0x733 ./Core/Src/stm32l4xx_it.o
 .debug_info    0x00002315      0x5f0 ./Core/Src/system_stm32l4xx.o
 .debug_info    0x00002905       0x30 ./Core/Startup/startup_stm32l412kbux.o
 .debug_info    0x00002935      0x9c6 ./Drivers/STM32L4xx_HAL_Driver/Src/stm32l4xx_hal.o
 .debug_info    0x000032fb      0xd17 ./Drivers/STM32L4xx_HAL_Driver/Src/stm32l4xx_hal_cortex.o
 .debug_info    0x00004012      0x71a ./Drivers/STM32L4xx_HAL_Driver/Src/stm32l4xx_hal_dma.o
 .debug_info    0x0000472c      0x79f ./Drivers/STM32L4xx_HAL_Driver/Src/stm32l4xx_hal_gpio.o
 .debug_info    0x00004ecb      0x958 ./Drivers/STM32L4xx_HAL_Driver/Src/stm32l4xx_hal_pwr.o
 .debug_info    0x00005823      0x994 ./Drivers/STM32L4xx_HAL_Driver/Src/stm32l4xx_hal_pwr_ex.o
 .debug_info    0x000061b7      0xc11 ./Drivers/STM32L4xx_HAL_Driver/Src/stm32l4xx_hal_rcc.o
 .debug_info    0x00006dc8      0xd2b ./Drivers/STM32L4xx_HAL_Driver/Src/stm32l4xx_hal_rcc_ex.o
 .debug_info    0x00007af3     0x3b9c ./Drivers/STM32L4xx_HAL_Driver/Src/stm32l4xx_hal_uart.o
 .debug_info    0x0000b68f      0xded ./Drivers/STM32L4xx_HAL_Driver/Src/stm32l4xx_hal_uart_ex.o

.debug_abbrev   0x00000000     0x1f89
 .debug_abbrev  0x00000000      0x2ab ./Core/Src/main.o
 .debug_abbrev  0x000002ab      0x1d7 ./Core/Src/stm32l4xx_hal_msp.o
 .debug_abbrev  0x00000482      0x197 ./Core/Src/stm32l4xx_it.o
 .debug_abbrev  0x00000619      0x117 ./Core/Src/system_stm32l4xx.o
 .debug_abbrev  0x00000730       0x24 ./Core/Startup/startup_stm32l412kbux.o
 .debug_abbrev  0x00000754      0x257 ./Drivers/STM32L4xx_HAL_Driver/Src/stm32l4xx_hal.o
 .debug_abbrev  0x000009ab      0x31c ./Drivers/STM32L4xx_HAL_Driver/Src/stm32l4xx_hal_cortex.o
 .debug_abbrev  0x00000cc7      0x1fd ./Drivers/STM32L4xx_HAL_Driver/Src/stm32l4xx_hal_dma.o
 .debug_abbrev  0x00000ec4      0x1d1 ./Drivers/STM32L4xx_HAL_Driver/Src/stm32l4xx_hal_gpio.o
 .debug_abbrev  0x00001095      0x1e5 ./Drivers/STM32L4xx_HAL_Driver/Src/stm32l4xx_hal_pwr.o
 .debug_abbrev  0x0000127a      0x1f9 ./Drivers/STM32L4xx_HAL_Driver/Src/stm32l4xx_hal_pwr_ex.o
 .debug_abbrev  0x00001473      0x2e7 ./Drivers/STM32L4xx_HAL_Driver/Src/stm32l4xx_hal_rcc.o
 .debug_abbrev  0x0000175a      0x26c ./Drivers/STM32L4xx_HAL_Driver/Src/stm32l4xx_hal_rcc_ex.o
 .debug_abbrev  0x000019c6      0x2f3 ./Drivers/STM32L4xx_HAL_Driver/Src/stm32l4xx_hal_uart.o
 .debug_abbrev  0x00001cb9      0x2d0 ./Drivers/STM32L4xx_HAL_Driver/Src/stm32l4xx_hal_uart_ex.o

.debug_aranges  0x00000000      0xa38
 .debug_aranges
                0x00000000       0x58 ./Core/Src/main.o
 .debug_aranges
                0x00000058       0x30 ./Core/Src/stm32l4xx_hal_msp.o
 .debug_aranges
                0x00000088       0x70 ./Core/Src/stm32l4xx_it.o
 .debug_aranges
                0x000000f8       0x28 ./Core/Src/system_stm32l4xx.o
 .debug_aranges
                0x00000120       0x28 ./Core/Startup/startup_stm32l412kbux.o
 .debug_aranges
                0x00000148      0x108 ./Drivers/STM32L4xx_HAL_Driver/Src/stm32l4xx_hal.o
 .debug_aranges
                0x00000250      0x128 ./Drivers/STM32L4xx_HAL_Driver/Src/stm32l4xx_hal_cortex.o
 .debug_aranges
                0x00000378       0x80 ./Drivers/STM32L4xx_HAL_Driver/Src/stm32l4xx_hal_dma.o
 .debug_aranges
                0x000003f8       0x58 ./Drivers/STM32L4xx_HAL_Driver/Src/stm32l4xx_hal_gpio.o
 .debug_aranges
                0x00000450       0x98 ./Drivers/STM32L4xx_HAL_Driver/Src/stm32l4xx_hal_pwr.o
 .debug_aranges
                0x000004e8      0x148 ./Drivers/STM32L4xx_HAL_Driver/Src/stm32l4xx_hal_pwr_ex.o
 .debug_aranges
                0x00000630       0x90 ./Drivers/STM32L4xx_HAL_Driver/Src/stm32l4xx_hal_rcc.o
 .debug_aranges
                0x000006c0       0xd0 ./Drivers/STM32L4xx_HAL_Driver/Src/stm32l4xx_hal_rcc_ex.o
 .debug_aranges
                0x00000790      0x228 ./Drivers/STM32L4xx_HAL_Driver/Src/stm32l4xx_hal_uart.o
 .debug_aranges
                0x000009b8       0x80 ./Drivers/STM32L4xx_HAL_Driver/Src/stm32l4xx_hal_uart_ex.o

.debug_rnglists
                0x00000000      0x7cc
 .debug_rnglists
                0x00000000       0x40 ./Core/Src/main.o
 .debug_rnglists
                0x00000040       0x20 ./Core/Src/stm32l4xx_hal_msp.o
 .debug_rnglists
                0x00000060       0x4f ./Core/Src/stm32l4xx_it.o
 .debug_rnglists
                0x000000af       0x1a ./Core/Src/system_stm32l4xx.o
 .debug_rnglists
                0x000000c9       0x19 ./Core/Startup/startup_stm32l412kbux.o
 .debug_rnglists
                0x000000e2       0xc1 ./Drivers/STM32L4xx_HAL_Driver/Src/stm32l4xx_hal.o
 .debug_rnglists
                0x000001a3       0xda ./Drivers/STM32L4xx_HAL_Driver/Src/stm32l4xx_hal_cortex.o
 .debug_rnglists
                0x0000027d       0x65 ./Drivers/STM32L4xx_HAL_Driver/Src/stm32l4xx_hal_dma.o
 .debug_rnglists
                0x000002e2       0x3f ./Drivers/STM32L4xx_HAL_Driver/Src/stm32l4xx_hal_gpio.o
 .debug_rnglists
                0x00000321       0x6e ./Drivers/STM32L4xx_HAL_Driver/Src/stm32l4xx_hal_pwr.o
 .debug_rnglists
                0x0000038f       0xf7 ./Drivers/STM32L4xx_HAL_Driver/Src/stm32l4xx_hal_pwr_ex.o
 .debug_rnglists
                0x00000486       0x6d ./Drivers/STM32L4xx_HAL_Driver/Src/stm32l4xx_hal_rcc.o
 .debug_rnglists
                0x000004f3       0x9f ./Drivers/STM32L4xx_HAL_Driver/Src/stm32l4xx_hal_rcc_ex.o
 .debug_rnglists
                0x00000592      0x1da ./Drivers/STM32L4xx_HAL_Driver/Src/stm32l4xx_hal_uart.o
 .debug_rnglists
                0x0000076c       0x60 ./Drivers/STM32L4xx_HAL_Driver/Src/stm32l4xx_hal_uart_ex.o

.debug_macro    0x00000000    0x19a87
 .debug_macro   0x00000000      0x2d1 ./Core/Src/main.o
 .debug_macro   0x000002d1      0xad8 ./Core/Src/main.o
 .debug_macro   0x00000da9      0x1a1 ./Core/Src/main.o
 .debug_macro   0x00000f4a       0x2e ./Core/Src/main.o
 .debug_macro   0x00000f78       0x28 ./Core/Src/main.o
 .debug_macro   0x00000fa0       0x22 ./Core/Src/main.o
 .debug_macro   0x00000fc2       0x8e ./Core/Src/main.o
 .debug_macro   0x00001050       0x51 ./Core/Src/main.o
 .debug_macro   0x000010a1      0x103 ./Core/Src/main.o
 .debug_macro   0x000011a4       0x6a ./Core/Src/main.o
 .debug_macro   0x0000120e      0x1df ./Core/Src/main.o
 .debug_macro   0x000013ed       0x1c ./Core/Src/main.o
 .debug_macro   0x00001409       0x22 ./Core/Src/main.o
 .debug_macro   0x0000142b       0xfb ./Core/Src/main.o
 .debug_macro   0x00001526     0x1011 ./Core/Src/main.o
 .debug_macro   0x00002537      0x11f ./Core/Src/main.o
 .debug_macro   0x00002656     0xe4b1 ./Core/Src/main.o
 .debug_macro   0x00010b07       0x6d ./Core/Src/main.o
 .debug_macro   0x00010b74     0x38f4 ./Core/Src/main.o
 .debug_macro   0x00014468      0x190 ./Core/Src/main.o
 .debug_macro   0x000145f8       0x5c ./Core/Src/main.o
 .debug_macro   0x00014654     0x105e ./Core/Src/main.o
 .debug_macro   0x000156b2      0x49b ./Core/Src/main.o
 .debug_macro   0x00015b4d      0x1b9 ./Core/Src/main.o
 .debug_macro   0x00015d06       0xd7 ./Core/Src/main.o
 .debug_macro   0x00015ddd      0x2c4 ./Core/Src/main.o
 .debug_macro   0x000160a1      0x27a ./Core/Src/main.o
 .debug_macro   0x0001631b      0x23d ./Core/Src/main.o
 .debug_macro   0x00016558      0x21c ./Core/Src/main.o
 .debug_macro   0x00016774      0x375 ./Core/Src/main.o
 .debug_macro   0x00016ae9       0xd6 ./Core/Src/main.o
 .debug_macro   0x00016bbf      0x122 ./Core/Src/main.o
 .debug_macro   0x00016ce1      0x364 ./Core/Src/main.o
 .debug_macro   0x00017045      0x5cf ./Core/Src/main.o
 .debug_macro   0x00017614       0x44 ./Core/Src/main.o
 .debug_macro   0x00017658      0x220 ./Core/Src/main.o
 .debug_macro   0x00017878       0xa0 ./Core/Src/main.o
 .debug_macro   0x00017918       0x61 ./Core/Src/main.o
 .debug_macro   0x00017979       0x2a ./Core/Src/main.o
 .debug_macro   0x000179a3       0x43 ./Core/Src/main.o
 .debug_macro   0x000179e6       0x34 ./Core/Src/main.o
 .debug_macro   0x00017a1a       0x16 ./Core/Src/main.o
 .debug_macro   0x00017a30       0x3c ./Core/Src/main.o
 .debug_macro   0x00017a6c      0x370 ./Core/Src/main.o
 .debug_macro   0x00017ddc       0x10 ./Core/Src/main.o
 .debug_macro   0x00017dec       0x16 ./Core/Src/main.o
 .debug_macro   0x00017e02       0x4a ./Core/Src/main.o
 .debug_macro   0x00017e4c       0x34 ./Core/Src/main.o
 .debug_macro   0x00017e80       0x10 ./Core/Src/main.o
 .debug_macro   0x00017e90       0x58 ./Core/Src/main.o
 .debug_macro   0x00017ee8       0x8e ./Core/Src/main.o
 .debug_macro   0x00017f76       0x1c ./Core/Src/main.o
 .debug_macro   0x00017f92      0x185 ./Core/Src/main.o
 .debug_macro   0x00018117       0x16 ./Core/Src/main.o
 .debug_macro   0x0001812d       0x16 ./Core/Src/main.o
 .debug_macro   0x00018143      0x146 ./Core/Src/main.o
 .debug_macro   0x00018289       0x16 ./Core/Src/main.o
 .debug_macro   0x0001829f       0x20 ./Core/Src/main.o
 .debug_macro   0x000182bf      0x1c9 ./Core/Src/stm32l4xx_hal_msp.o
 .debug_macro   0x00018488      0x1d3 ./Core/Src/stm32l4xx_it.o
 .debug_macro   0x0001865b      0x1ba ./Core/Src/system_stm32l4xx.o
 .debug_macro   0x00018815      0x202 ./Drivers/STM32L4xx_HAL_Driver/Src/stm32l4xx_hal.o
 .debug_macro   0x00018a17      0x1ba ./Drivers/STM32L4xx_HAL_Driver/Src/stm32l4xx_hal_cortex.o
 .debug_macro   0x00018bd1      0x1ba ./Drivers/STM32L4xx_HAL_Driver/Src/stm32l4xx_hal_dma.o
 .debug_macro   0x00018d8b      0x1c1 ./Drivers/STM32L4xx_HAL_Driver/Src/stm32l4xx_hal_gpio.o
 .debug_macro   0x00018f4c      0x1d2 ./Drivers/STM32L4xx_HAL_Driver/Src/stm32l4xx_hal_pwr.o
 .debug_macro   0x0001911e      0x1de ./Drivers/STM32L4xx_HAL_Driver/Src/stm32l4xx_hal_pwr_ex.o
 .debug_macro   0x000192fc      0x1fc ./Drivers/STM32L4xx_HAL_Driver/Src/stm32l4xx_hal_rcc.o
 .debug_macro   0x000194f8      0x1f0 ./Drivers/STM32L4xx_HAL_Driver/Src/stm32l4xx_hal_rcc_ex.o
 .debug_macro   0x000196e8      0x1e5 ./Drivers/STM32L4xx_HAL_Driver/Src/stm32l4xx_hal_uart.o
 .debug_macro   0x000198cd      0x1ba ./Drivers/STM32L4xx_HAL_Driver/Src/stm32l4xx_hal_uart_ex.o

.debug_line     0x00000000     0xc225
 .debug_line    0x00000000      0xa4c ./Core/Src/main.o
 .debug_line    0x00000a4c      0x7f4 ./Core/Src/stm32l4xx_hal_msp.o
 .debug_line    0x00001240      0x817 ./Core/Src/stm32l4xx_it.o
 .debug_line    0x00001a57      0x7d6 ./Core/Src/system_stm32l4xx.o
 .debug_line    0x0000222d       0x7a ./Core/Startup/startup_stm32l412kbux.o
 .debug_line    0x000022a7      0xaa3 ./Drivers/STM32L4xx_HAL_Driver/Src/stm32l4xx_hal.o
 .debug_line    0x00002d4a      0xcd9 ./Drivers/STM32L4xx_HAL_Driver/Src/stm32l4xx_hal_cortex.o
 .debug_line    0x00003a23      0xcf3 ./Drivers/STM32L4xx_HAL_Driver/Src/stm32l4xx_hal_dma.o
 .debug_line    0x00004716      0xb29 ./Drivers/STM32L4xx_HAL_Driver/Src/stm32l4xx_hal_gpio.o
 .debug_line    0x0000523f      0x909 ./Drivers/STM32L4xx_HAL_Driver/Src/stm32l4xx_hal_pwr.o
 .debug_line    0x00005b48      0xc91 ./Drivers/STM32L4xx_HAL_Driver/Src/stm32l4xx_hal_pwr_ex.o
 .debug_line    0x000067d9     0x1132 ./Drivers/STM32L4xx_HAL_Driver/Src/stm32l4xx_hal_rcc.o
 .debug_line    0x0000790b     0x1026 ./Drivers/STM32L4xx_HAL_Driver/Src/stm32l4xx_hal_rcc_ex.o
 .debug_line    0x00008931     0x2d1f ./Drivers/STM32L4xx_HAL_Driver/Src/stm32l4xx_hal_uart.o
 .debug_line    0x0000b650      0xbd5 ./Drivers/STM32L4xx_HAL_Driver/Src/stm32l4xx_hal_uart_ex.o

.debug_str      0x00000000    0xa069c
 .debug_str     0x00000000    0xa069c ./Core/Src/main.o
                              0x9dca0 (size before relaxing)
 .debug_str     0x000a069c    0x9a713 ./Core/Src/stm32l4xx_hal_msp.o
 .debug_str     0x000a069c    0x9a08d ./Core/Src/stm32l4xx_it.o
 .debug_str     0x000a069c    0x99b61 ./Core/Src/system_stm32l4xx.o
 .debug_str     0x000a069c       0x84 ./Core/Startup/startup_stm32l412kbux.o
 .debug_str     0x000a069c    0x9a4d0 ./Drivers/STM32L4xx_HAL_Driver/Src/stm32l4xx_hal.o
 .debug_str     0x000a069c    0x9a290 ./Drivers/STM32L4xx_HAL_Driver/Src/stm32l4xx_hal_cortex.o
 .debug_str     0x000a069c    0x99ddc ./Drivers/STM32L4xx_HAL_Driver/Src/stm32l4xx_hal_dma.o
 .debug_str     0x000a069c    0x99ce7 ./Drivers/STM32L4xx_HAL_Driver/Src/stm32l4xx_hal_gpio.o
 .debug_str     0x000a069c    0x99eab ./Drivers/STM32L4xx_HAL_Driver/Src/stm32l4xx_hal_pwr.o
 .debug_str     0x000a069c    0x9a07d ./Drivers/STM32L4xx_HAL_Driver/Src/stm32l4xx_hal_pwr_ex.o
 .debug_str     0x000a069c    0x9a16d ./Drivers/STM32L4xx_HAL_Driver/Src/stm32l4xx_hal_rcc.o
 .debug_str     0x000a069c    0x9a2c6 ./Drivers/STM32L4xx_HAL_Driver/Src/stm32l4xx_hal_rcc_ex.o
 .debug_str     0x000a069c    0x9a8b9 ./Drivers/STM32L4xx_HAL_Driver/Src/stm32l4xx_hal_uart.o
 .debug_str     0x000a069c    0x9a0bc ./Drivers/STM32L4xx_HAL_Driver/Src/stm32l4xx_hal_uart_ex.o

.comment        0x00000000       0x43
 .comment       0x00000000       0x43 ./Core/Src/main.o
                                 0x44 (size before relaxing)
 .comment       0x00000043       0x44 ./Core/Src/stm32l4xx_hal_msp.o
 .comment       0x00000043       0x44 ./Core/Src/stm32l4xx_it.o
 .comment       0x00000043       0x44 ./Core/Src/system_stm32l4xx.o
 .comment       0x00000043       0x44 ./Drivers/STM32L4xx_HAL_Driver/Src/stm32l4xx_hal.o
 .comment       0x00000043       0x44 ./Drivers/STM32L4xx_HAL_Driver/Src/stm32l4xx_hal_cortex.o
 .comment       0x00000043       0x44 ./Drivers/STM32L4xx_HAL_Driver/Src/stm32l4xx_hal_dma.o
 .comment       0x00000043       0x44 ./Drivers/STM32L4xx_HAL_Driver/Src/stm32l4xx_hal_gpio.o
 .comment       0x00000043       0x44 ./Drivers/STM32L4xx_HAL_Driver/Src/stm32l4xx_hal_pwr.o
 .comment       0x00000043       0x44 ./Drivers/STM32L4xx_HAL_Driver/Src/stm32l4xx_hal_pwr_ex.o
 .comment       0x00000043       0x44 ./Drivers/STM32L4xx_HAL_Driver/Src/stm32l4xx_hal_rcc.o
 .comment       0x00000043       0x44 ./Drivers/STM32L4xx_HAL_Driver/Src/stm32l4xx_hal_rcc_ex.o
 .comment       0x00000043       0x44 ./Drivers/STM32L4xx_HAL_Driver/Src/stm32l4xx_hal_uart.o
 .comment       0x00000043       0x44 ./Drivers/STM32L4xx_HAL_Driver/Src/stm32l4xx_hal_uart_ex.o

.debug_frame    0x00000000     0x2884
 .debug_frame   0x00000000      0x10c ./Core/Src/main.o
 .debug_frame   0x0000010c       0x80 ./Core/Src/stm32l4xx_hal_msp.o
 .debug_frame   0x0000018c      0x13c ./Core/Src/stm32l4xx_it.o
 .debug_frame   0x000002c8       0x58 ./Core/Src/system_stm32l4xx.o
 .debug_frame   0x00000320      0x3dc ./Drivers/STM32L4xx_HAL_Driver/Src/stm32l4xx_hal.o
 .debug_frame   0x000006fc      0x4e8 ./Drivers/STM32L4xx_HAL_Driver/Src/stm32l4xx_hal_cortex.o
 .debug_frame   0x00000be4      0x204 ./Drivers/STM32L4xx_HAL_Driver/Src/stm32l4xx_hal_dma.o
 .debug_frame   0x00000de8      0x14c ./Drivers/STM32L4xx_HAL_Driver/Src/stm32l4xx_hal_gpio.o
 .debug_frame   0x00000f34      0x230 ./Drivers/STM32L4xx_HAL_Driver/Src/stm32l4xx_hal_pwr.o
 .debug_frame   0x00001164      0x524 ./Drivers/STM32L4xx_HAL_Driver/Src/stm32l4xx_hal_pwr_ex.o
 .debug_frame   0x00001688      0x21c ./Drivers/STM32L4xx_HAL_Driver/Src/stm32l4xx_hal_rcc.o
 .debug_frame   0x000018a4      0x33c ./Drivers/STM32L4xx_HAL_Driver/Src/stm32l4xx_hal_rcc_ex.o
 .debug_frame   0x00001be0      0x9f4 ./Drivers/STM32L4xx_HAL_Driver/Src/stm32l4xx_hal_uart.o
 .debug_frame   0x000025d4      0x204 ./Drivers/STM32L4xx_HAL_Driver/Src/stm32l4xx_hal_uart_ex.o
 .debug_frame   0x000027d8       0x20 E:/STM32/STM32CubeIDE_1.18.0/STM32CubeIDE/plugins/com.st.stm32cube.ide.mcu.externaltools.gnu-tools-for-stm32.13.3.rel1.win32_1.0.0.202411081344/tools/bin/../lib/gcc/arm-none-eabi/13.3.1/../../../../arm-none-eabi/lib/thumb/v7e-m+fp/hard\libc_nano.a(libc_a-memset.o)
 .debug_frame   0x000027f8       0x2c E:/STM32/STM32CubeIDE_1.18.0/STM32CubeIDE/plugins/com.st.stm32cube.ide.mcu.externaltools.gnu-tools-for-stm32.13.3.rel1.win32_1.0.0.202411081344/tools/bin/../lib/gcc/arm-none-eabi/13.3.1/../../../../arm-none-eabi/lib/thumb/v7e-m+fp/hard\libc_nano.a(libc_a-init.o)
 .debug_frame   0x00002824       0x2c E:/STM32/STM32CubeIDE_1.18.0/STM32CubeIDE/plugins/com.st.stm32cube.ide.mcu.externaltools.gnu-tools-for-stm32.13.3.rel1.win32_1.0.0.202411081344/tools/bin/../lib/gcc/arm-none-eabi/13.3.1/thumb/v7e-m+fp/hard\libgcc.a(_aeabi_uldivmod.o)
 .debug_frame   0x00002850       0x34 E:/STM32/STM32CubeIDE_1.18.0/STM32CubeIDE/plugins/com.st.stm32cube.ide.mcu.externaltools.gnu-tools-for-stm32.13.3.rel1.win32_1.0.0.202411081344/tools/bin/../lib/gcc/arm-none-eabi/13.3.1/thumb/v7e-m+fp/hard\libgcc.a(_udivmoddi4.o)

.debug_line_str
                0x00000000       0x68
 .debug_line_str
                0x00000000       0x68 ./Core/Startup/startup_stm32l412kbux.o
