../Core/Src/main.c:67:6:Update_LEDs	16	static
../Core/Src/main.c:83:5:main	8	static
../Core/Src/main.c:130:6:SystemClock_Config	96	static
../Core/Src/main.c:191:13:MX_TIM2_Init	40	static
../Core/Src/main.c:236:13:MX_USART1_UART_Init	8	static
../Core/Src/main.c:271:13:MX_GPIO_Init	40	static
../Core/Src/main.c:334:6:HAL_TIM_PeriodElapsedCallback	24	static
../Core/Src/main.c:366:6:HAL_UART_RxCpltCallback	16	static
../Core/Src/main.c:375:6:HAL_GPIO_EXTI_Callback	16	static
../Core/Src/main.c:404:6:Error_Handler	4	static,ignoring_inline_asm
